
Memory Configuration

Name             Origin             Length             Attributes
FLASH            0x08000000         0x00080000         xr
SRAM             0x20000000         0x00020000         xrw
*default*        0x00000000         0xffffffff

Linker script and memory map

LOAD main.o
LOAD led.o
LOAD stm32_startup.o

.text           0x08000000      0x298
 *(.isr_vector)
 .isr_vector    0x08000000      0x200 stm32_startup.o
                0x08000000                vectors
 *(.text)
 .text          0x08000200       0x28 main.o
                0x08000200                main
 .text          0x08000228       0x54 led.o
                0x08000228                LED_Init
                0x08000260                LED_ToggleAll
 .text          0x0800027c       0x12 stm32_startup.o
                0x0800027c                Reset_Handler
                0x08000288                HASH_RNG_IRQHandler
                0x08000288                EXTI2_IRQHandler
                0x08000288                TIM8_CC_IRQHandler
                0x08000288                DebugMon_Handler
                0x08000288                UART8_IRQHandler
                0x08000288                SPI4_IRQHandler
                0x08000288                TIM1_CC_IRQHandler
                0x08000288                DMA2_Stream5_IRQHandler
                0x08000288                HardFault_Handler
                0x08000288                JPEG_IRQHandler
                0x08000288                DMA1_Stream5_IRQHandler
                0x08000288                SysTick_Handler
                0x08000288                CAN3_RX1_IRQHandler
                0x08000288                PVD_IRQHandler
                0x08000288                SDIO_IRQHandler
                0x08000288                TAMP_STAMP_IRQHandler
                0x08000288                PendSV_Handler
                0x08000288                NMI_Handler
                0x08000288                CAN2_RX1_IRQHandler
                0x08000288                EXTI3_IRQHandler
                0x08000288                TIM8_TRG_COM_TIM14_IRQHandler
                0x08000288                DFSDM1_FLT1_IRQHandler
                0x08000288                TIM1_UP_TIM10_IRQHandler
                0x08000288                TIM8_UP_TIM13_IRQHandler
                0x08000288                I2C3_ER_IRQHandler
                0x08000288                DFSDM1_FLT2_IRQHandler
                0x08000288                EXTI0_IRQHandler
                0x08000288                I2C2_EV_IRQHandler
                0x08000288                DMA1_Stream2_IRQHandler
                0x08000288                CAN1_RX0_IRQHandler
                0x08000288                FPU_IRQHandler
                0x08000288                OTG_HS_WKUP_IRQHandler
                0x08000288                CAN3_SCE_IRQHandler
                0x08000288                UsageFault_Handler
                0x08000288                LTDC_ER_IRQHandler
                0x08000288                CAN2_SCE_IRQHandler
                0x08000288                DMA2_Stream2_IRQHandler
                0x08000288                SPI1_IRQHandler
                0x08000288                TIM6_DAC_IRQHandler
                0x08000288                TIM1_BRK_TIM9_IRQHandler
                0x08000288                DCMI_IRQHandler
                0x08000288                CAN2_RX0_IRQHandler
                0x08000288                DMA2_Stream3_IRQHandler
                0x08000288                SAI2_IRQHandler
                0x08000288                DFSDM1_FLT3_IRQHandler
                0x08000288                USART6_IRQHandler
                0x08000288                CAN3_RX0_IRQHandler
                0x08000288                USART3_IRQHandler
                0x08000288                CRYP_IRQHandler
                0x08000288                RTC_Alarm_IRQHandler
                0x08000288                CAN1_RX1_IRQHandler
                0x08000288                UART5_IRQHandler
                0x08000288                DMA2_Stream0_IRQHandler
                0x08000288                TIM4_IRQHandler
                0x08000288                QUADSPI_IRQHandler
                0x08000288                I2C1_EV_IRQHandler
                0x08000288                DMA1_Stream6_IRQHandler
                0x08000288                DMA1_Stream1_IRQHandler
                0x08000288                UART4_IRQHandler
                0x08000288                TIM3_IRQHandler
                0x08000288                RCC_IRQHandler
                0x08000288                TIM8_BRK_TIM12_IRQHandler
                0x08000288                Default_Handler
                0x08000288                CEC_IRQHandler
                0x08000288                EXTI15_10_IRQHandler
                0x08000288                ADC_IRQHandler
                0x08000288                DMA1_Stream7_IRQHandler
                0x08000288                SPI5_IRQHandler
                0x08000288                TIM7_IRQHandler
                0x08000288                SDMMC1_IRQHandler
                0x08000288                CAN2_TX_IRQHandler
                0x08000288                TIM5_IRQHandler
                0x08000288                DMA2_Stream7_IRQHandler
                0x08000288                I2C3_EV_IRQHandler
                0x08000288                EXTI9_5_IRQHandler
                0x08000288                RTC_WKUP_IRQHandler
                0x08000288                LTDC_IRQHandler
                0x08000288                ETH_WKUP_IRQHandler
                0x08000288                SPDIF_RX_IRQHandler
                0x08000288                SPI2_IRQHandler
                0x08000288                OTG_HS_EP1_IN_IRQHandler
                0x08000288                MemManage_Handler
                0x08000288                DMA1_Stream0_IRQHandler
                0x08000288                CAN1_TX_IRQHandler
                0x08000288                SVC_Handler
                0x08000288                EXTI4_IRQHandler
                0x08000288                ETH_IRQHandler
                0x08000288                OTG_HS_EP1_OUT_IRQHandler
                0x08000288                WWDG_IRQHandler
                0x08000288                SPI6_IRQHandler
                0x08000288                MDIOS_IRQHandler
                0x08000288                I2C4_EV_IRQHandler
                0x08000288                CAN3_TX_IRQHandler
                0x08000288                TIM2_IRQHandler
                0x08000288                OTG_FS_WKUP_IRQHandler
                0x08000288                TIM1_TRG_COM_TIM11_IRQHandler
                0x08000288                OTG_HS_IRQHandler
                0x08000288                DMA2D_IRQHandler
                0x08000288                EXTI1_IRQHandler
                0x08000288                SDMMC2_IRQHandler
                0x08000288                OTG_FS_EP1_OUT_IRQHandler
                0x08000288                UART7_IRQHandler
                0x08000288                USART2_IRQHandler
                0x08000288                DFSDM1_FLT0_IRQHandler
                0x08000288                I2C2_ER_IRQHandler
                0x08000288                DMA2_Stream1_IRQHandler
                0x08000288                CAN1_SCE_IRQHandler
                0x08000288                FLASH_IRQHandler
                0x08000288                DMA2_Stream4_IRQHandler
                0x08000288                BusFault_Handler
                0x08000288                USART1_IRQHandler
                0x08000288                OTG_FS_IRQHandler
                0x08000288                SPI3_IRQHandler
                0x08000288                DMA1_Stream4_IRQHandler
                0x08000288                OTG_FS_EP1_IN_IRQHandler
                0x08000288                I2C1_ER_IRQHandler
                0x08000288                FMC_IRQHandler
                0x08000288                LPTIM1_IRQHandler
                0x08000288                I2C4_ER_IRQHandler
                0x08000288                DMA2_Stream6_IRQHandler
                0x08000288                SAI1_IRQHandler
                0x08000288                DMA1_Stream3_IRQHandler
 *(.rodata)
 *fill*         0x0800028e        0x2 
 .rodata        0x08000290        0x8 main.o
                0x08000290                v1
                0x08000294                v2
                0x08000298                _etext = .

.glue_7         0x08000298        0x0
 .glue_7        0x08000298        0x0 linker stubs

.glue_7t        0x08000298        0x0
 .glue_7t       0x08000298        0x0 linker stubs

.vfp11_veneer   0x08000298        0x0
 .vfp11_veneer  0x08000298        0x0 linker stubs

.v4_bx          0x08000298        0x0
 .v4_bx         0x08000298        0x0 linker stubs

.iplt           0x08000298        0x0
 .iplt          0x08000298        0x0 main.o

.rel.dyn        0x08000298        0x0
 .rel.iplt      0x08000298        0x0 main.o

.data           0x20000000        0x8 load address 0x08000298
                0x20000000                _sdata = .
 *(.data)
 .data          0x20000000        0x8 main.o
                0x20000000                x1
                0x20000004                x2
 .data          0x20000008        0x0 led.o
 .data          0x20000008        0x0 stm32_startup.o
                0x20000008                _edata = .

.igot.plt       0x20000008        0x0 load address 0x080002a0
 .igot.plt      0x20000008        0x0 main.o

.bss            0x20000008        0x8 load address 0x080002a0
                0x20000008                _sbss = .
 *(.bss)
 .bss           0x20000008        0x8 main.o
                0x20000008                y1
                0x2000000c                y2
 .bss           0x20000010        0x0 led.o
 .bss           0x20000010        0x0 stm32_startup.o
                0x20000010                _ebss = .
OUTPUT(final.elf elf32-littlearm)
LOAD linker stubs

.comment        0x00000000       0x49
 .comment       0x00000000       0x49 main.o
                                 0x4a (size before relaxing)
 .comment       0x00000049       0x4a led.o
 .comment       0x00000049       0x4a stm32_startup.o

.ARM.attributes
                0x00000000       0x2e
 .ARM.attributes
                0x00000000       0x2e main.o
 .ARM.attributes
                0x0000002e       0x2e led.o
 .ARM.attributes
                0x0000005c       0x2e stm32_startup.o
